 
****************************************
Report : qor
Design : accel_top
Version: V-2023.12-SP4
Date   : Fri May 29 15:41:23 2026
****************************************


  Timing Path Group 'clk'
  -----------------------------------
  Levels of Logic:              41.00
  Critical Path Length:          5.89
  Critical Path Slack:           0.00
  Critical Path Clk Period:      6.20
  Total Negative Slack:          0.00
  No. of Violating Paths:        0.00
  Worst Hold Violation:          0.00
  Total Hold Violation:          0.00
  No. of Hold Violations:        0.00
  -----------------------------------


  Cell Count
  -----------------------------------
  Hierarchical Cell Count:        356
  Hierarchical Port Count:       7238
  Leaf Cell Count:              24653
  Buf/Inv Cell Count:            1843
  Buf Cell Count:                 186
  Inv Cell Count:                1657
  CT Buf/Inv Cell Count:            0
  Combinational Cell Count:     18189
  Sequential Cell Count:         6464
  Macro Count:                      0
  -----------------------------------


  Area
  -----------------------------------
  Combinational Area:    54701.700084
  Noncombinational Area: 45118.185212
  Buf/Inv Area:           2484.003484
  Total Buffer Area:           378.17
  Total Inverter Area:        2105.84
  Macro/Black Box Area:      0.000000
  Net Area:              32397.060232
  -----------------------------------
  Cell Area:             99819.885295
  Design Area:          132216.945527


  Design Rules
  -----------------------------------
  Total Number of Nets:         30291
  Nets With Violations:             0
  Max Trans Violations:             0
  Max Cap Violations:               0
  -----------------------------------


  Hostname: prac2.trg.vlsiexpert.in

  Compile CPU Statistics
  -----------------------------------------
  Resource Sharing:                    1.47
  Logic Optimization:                  1.02
  Mapping Optimization:               33.75
  -----------------------------------------
  Overall Compile Time:               65.17
  Overall Compile Wall Clock Time:    66.25

  --------------------------------------------------------------------

  Design  WNS: 0.00  TNS: 0.00  Number of Violating Paths: 0


  Design (Hold)  WNS: 0.00  TNS: 0.00  Number of Violating Paths: 0

  --------------------------------------------------------------------


1
